<testsuites name="jest tests">
  <testsuite name="/src/test/components/Header.test.js" errors="0" failures="0" skipped="0" timestamp="2018-01-04T11:54:45" time="0.375" tests="1">
    <testcase classname=" - render header" name=" - render header" time="0.008">
    </testcase>
  </testsuite>
  <testsuite name="/src/test/actions/sessions.test.js" errors="0" failures="0" skipped="0" timestamp="2018-01-04T11:54:45" time="0.056" tests="3">
    <testcase classname=" - set up session object, including defaults" name=" - set up session object, including defaults" time="0.003">
    </testcase>
    <testcase classname=" - create edit object" name=" - create edit object" time="0.001">
    </testcase>
    <testcase classname=" - create remove action object" name=" - create remove action object" time="0">
    </testcase>
  </testsuite>
</testsuites>